[2026-03-01 20:13:40,883] INFO trackermode — SQLite session database initialized
[2026-03-01 20:13:40,939] INFO trackermode — ==================================================
[2026-03-01 20:13:40,941] INFO trackermode —  TrackerMode v2.5 — Focus Tracker Server
[2026-03-01 20:13:40,941] INFO trackermode —  Frozen (exe): False
[2026-03-01 20:13:40,941] INFO trackermode —  http://127.0.0.1:8000
[2026-03-01 20:13:40,941] INFO trackermode — ==================================================
[2026-03-01 20:13:40,997] INFO trackermode — TrackerMode v2.5 server starting
[2026-03-01 20:14:54,987] INFO trackermode — Shutting down — stopping input listeners...
[2026-03-01 20:14:55,028] INFO trackermode — Shutting down — stopping input listeners...
[2026-03-01 20:26:39,044] INFO trackermode — SQLite session database initialized
[2026-03-01 20:26:39,076] INFO trackermode — ==================================================
[2026-03-01 20:26:39,076] INFO trackermode —  TrackerMode v2.5 — Focus Tracker Server
[2026-03-01 20:26:39,077] INFO trackermode —  Frozen (exe): False
[2026-03-01 20:26:39,077] INFO trackermode —  http://127.0.0.1:8000
[2026-03-01 20:26:39,077] INFO trackermode — ==================================================
[2026-03-01 20:26:39,113] INFO trackermode — TrackerMode v2.5 server starting
[2026-03-01 20:57:14,600] INFO trackermode — Shutting down — stopping input listeners...
[2026-03-01 20:57:14,605] INFO trackermode — Shutting down — stopping input listeners...
[2026-03-01 21:06:46,432] INFO trackermode — SQLite session database initialized
[2026-03-01 21:06:46,463] INFO trackermode — ==================================================
[2026-03-01 21:06:46,463] INFO trackermode —  TrackerMode v2.5 — Focus Tracker Server
[2026-03-01 21:06:46,463] INFO trackermode —  Frozen (exe): False
[2026-03-01 21:06:46,463] INFO trackermode —  http://127.0.0.1:8000
[2026-03-01 21:06:46,463] INFO trackermode — ==================================================
[2026-03-01 21:06:46,501] INFO trackermode — TrackerMode v2.5 server starting
[2026-03-01 21:06:52,165] INFO trackermode — Shutting down — stopping input listeners...
[2026-03-01 21:06:52,170] INFO trackermode — Shutting down — stopping input listeners...
[2026-03-01 21:07:43,101] INFO trackermode — SQLite session database initialized
[2026-03-01 21:07:43,135] INFO trackermode — ==================================================
[2026-03-01 21:07:43,135] INFO trackermode —  TrackerMode v2.5 — Focus Tracker Server
[2026-03-01 21:07:43,135] INFO trackermode —  Frozen (exe): False
[2026-03-01 21:07:43,135] INFO trackermode —  http://127.0.0.1:8000
[2026-03-01 21:07:43,135] INFO trackermode — ==================================================
[2026-03-01 21:07:43,170] INFO trackermode — TrackerMode v2.5 server starting
[2026-03-01 21:12:21,015] INFO trackermode — Shutting down — stopping input listeners...
[2026-03-01 21:12:21,020] INFO trackermode — Shutting down — stopping input listeners...
[2026-03-01 21:16:25,611] INFO trackermode — SQLite session database initialized
[2026-03-01 21:16:25,649] INFO trackermode — ==================================================
[2026-03-01 21:16:25,649] INFO trackermode —  TrackerMode v2.5 — Focus Tracker Server
[2026-03-01 21:16:25,649] INFO trackermode —  Frozen (exe): False
[2026-03-01 21:16:25,650] INFO trackermode —  http://127.0.0.1:8000
[2026-03-01 21:16:25,650] INFO trackermode — ==================================================
[2026-03-01 21:16:25,685] INFO trackermode — TrackerMode v2.5 server starting
[2026-03-01 21:20:40,769] INFO trackermode — Shutting down — stopping input listeners...
[2026-03-01 21:20:40,770] INFO trackermode — Shutting down — stopping input listeners...
[2026-03-01 21:20:43,645] INFO trackermode — SQLite session database initialized
[2026-03-01 21:20:43,674] INFO trackermode — ==================================================
[2026-03-01 21:20:43,674] INFO trackermode —  TrackerMode v2.5 — Focus Tracker Server
[2026-03-01 21:20:43,675] INFO trackermode —  Frozen (exe): False
[2026-03-01 21:20:43,675] INFO trackermode —  http://127.0.0.1:8000
[2026-03-01 21:20:43,675] INFO trackermode — ==================================================
[2026-03-01 21:20:43,709] INFO trackermode — TrackerMode v2.5 server starting
[2026-03-01 21:22:58,968] INFO trackermode — Shutting down — stopping input listeners...
[2026-03-01 21:22:58,972] INFO trackermode — Shutting down — stopping input listeners...
[2026-03-01 21:23:01,676] INFO trackermode — SQLite session database initialized
[2026-03-01 21:23:01,720] INFO trackermode — ==================================================
[2026-03-01 21:23:01,720] INFO trackermode —  TrackerMode v2.5 — Focus Tracker Server
[2026-03-01 21:23:01,720] INFO trackermode —  Frozen (exe): False
[2026-03-01 21:23:01,720] INFO trackermode —  http://127.0.0.1:8000
[2026-03-01 21:23:01,720] INFO trackermode — ==================================================
[2026-03-01 21:23:01,762] INFO trackermode — TrackerMode v2.5 server starting
[2026-03-01 21:23:35,038] INFO trackermode — Shutting down — stopping input listeners...
[2026-03-01 21:23:35,040] INFO trackermode — Shutting down — stopping input listeners...
[2026-03-05 23:11:50,241] INFO trackermode — SQLite session database initialized
[2026-03-05 23:11:50,300] INFO trackermode — ==================================================
[2026-03-05 23:11:50,300] INFO trackermode —  TrackerMode v2.6 — Focus Tracker Server
[2026-03-05 23:11:50,301] INFO trackermode —  Frozen (exe): False
[2026-03-05 23:11:50,301] INFO trackermode —  http://127.0.0.1:8000
[2026-03-05 23:11:50,301] INFO trackermode — ==================================================
[2026-03-05 23:11:50,391] INFO trackermode — TrackerMode v2.6 server starting
[2026-03-05 23:12:32,410] INFO trackermode — Shutting down — stopping input listeners...
[2026-03-05 23:12:32,413] INFO trackermode — Shutting down — stopping input listeners...
